// Jest Snapshot v1, https://goo.gl/fbAQLP

exports[`matches snapshot 1`] = `
"
<someTag someAttribute={someAttribute} someOtherAttribute={hey} />;"
`;
